Index | Passes | MD5 | Size (bytes)
1 | none | 579d5c0cdec895c16d9d3672932e5b96 | 3791272
2 | fla | ebc5a10f3c24d896b89d1401514224af | 3811752
3 | bcf | dee47da7dc2dbaeaca68bbf1a78a9bf1 | 4610472
4 | fla,bcf | 9c60f701c46281c2d30b0f0540384329 | 4594088
5 | sub | 9ce641ace7b86eb5e84d07a611d0cdfa | 3856808
6 | fla,sub | 8ff5ecea51134cd29e246db8f22b1839 | 3881384
7 | bcf,sub | 0f2ce62367c2221b0d875abe1df567c8 | 4962728
8 | fla,bcf,sub | 978cc0c5f2ce2a3b5a0cb4f3756b4f45 | 4983208
9 | alias | 44c76298010879500afdc4662050f6b3 | 4221352
10 | fla,alias | 9dc513cbc015f3604f243b409615660c | 4229544
11 | bcf,alias | ddcba0988a950606679e442c3d51bac4 | 5269928
12 | fla,bcf,alias | 79b7846e70cb9854a34e4621857bdda9 | 5228968
13 | sub,alias | 77bfe1668764366bceedb9d28db2d06d | 4274600
14 | fla,sub,alias | bcfc728111b9ba601e787ff733774a62 | 4299176
15 | bcf,sub,alias | d60201326fed705332eb514fdb0f551b | 5536168
16 | fla,bcf,sub,alias | 22300f0c2a06b35b2d4c94ae14a65832 | 5585320
17 | indcall | 324713f94579a5cf69ca11022ee5e988 | 3830768
18 | fla,indcall | 03b7a7a829d8f1d7ce59c4ef0fda942e | 3851248
19 | bcf,indcall | 092942fc84946087fa191f11a1a307d6 | 4666896
20 | fla,bcf,indcall | 708a366be3e446dac403b9b101aa30ba | 4716648
21 | sub,indcall | 881f83e7bb5e6eb3dc9ad19eb0f8df53 | 3896304
22 | fla,sub,indcall | 8f941d00284ec512c3a43b8ebc1d932b | 3916784
23 | bcf,sub,indcall | 2ce2151ce6fad6f9ac8a721d70386420 | 5031992
24 | fla,bcf,sub,indcall | 76e4929d6dc23b12a17bfe8ed1c31f02 | 5040256
25 | alias,indcall | 7fa9c927bdfc0c06dcc93b84f442094b | 5213424
26 | fla,alias,indcall | 30a6a98b927900307489e1c8136a6345 | 5244328
27 | bcf,alias,indcall | 5958385381e39a1c32c61549a278e697 | 7050000
28 | fla,bcf,alias,indcall | af04642e7cba6e9cf84598b124d2e8d8 | 7005784
29 | sub,alias,indcall | ab7676ae93dc03a01a633fba2ab3fd5d | 5293912
30 | fla,sub,alias,indcall | 89ab5cd6d88a9695478516c2b367669d | 5367328
31 | bcf,sub,alias,indcall | 130498605ef70142ea1328fdbadf7a78 | 7379952
32 | fla,bcf,sub,alias,indcall | 54df8dec8a9d5671a5b93024bf0199ab | 7538056
33 | indbr | 0677330c6557b532e14a99f1097bc5a8 | 4245936
34 | fla,indbr | 31dd4c902f0893fbc23ddd1ef50aed7a | 4270512
35 | bcf,indbr | ffe40064e6a90be65a1373e933c31af4 | 6476944
36 | fla,bcf,indbr | bc3ace1ca497bcb78cc7f1b5c55790cf | 6463984
37 | sub,indbr | 32ed07e802631cfd99256440f5055760 | 4311472
38 | fla,sub,indbr | d6601f9c8c3b05de18cf8123e2131060 | 4327856
39 | bcf,sub,indbr | 8b64d2a2e80364244ec5f50349f8a529 | 6502656
40 | fla,bcf,sub,indbr | ad1bfc226a2d3dd067c0b49811da907f | 6496416
41 | alias,indbr | c8a160308240947f33abdbf5bdf234be | 4663728
42 | fla,alias,indbr | 8630f11529a89a20ee98e553b7833ff7 | 4680112
43 | bcf,alias,indbr | 3e9078933a3912807eaa000032d9dad1 | 7048880
44 | fla,bcf,alias,indbr | f3a05b8d3c239795560dbbd65e86541d | 7032800
45 | sub,alias,indbr | 2700eb32e309def2ef4e4c4355e622bd | 4733360
46 | fla,sub,alias,indbr | b60b8f9f6a53e901f91857101ff67339 | 4745648
47 | bcf,sub,alias,indbr | b89bb660d52e005598ced9da84523c5b | 7080656
48 | fla,bcf,sub,alias,indbr | f73a9274aafb81fab0f24268c128ca90 | 7068512
49 | indcall,indbr | 65cf1f6d5bedc8d4ec3f785e9d35804b | 4281592
50 | fla,indcall,indbr | af6b4b9407d8e737149c3f56d268260a | 4302072
51 | bcf,indcall,indbr | 56ac60e65cd953cfc6772a5c3777839a | 6533584
52 | fla,bcf,indcall,indbr | 8ab322fb16260220edc6ade53618a419 | 6540880
53 | sub,indcall,indbr | e70e91261191087358831e216bedcb53 | 4347128
54 | fla,sub,indcall,indbr | c77097a59446e0a2cda1f86fa0d573b3 | 4363512
55 | bcf,sub,indcall,indbr | 12d5ca95feffc5b3f078100a190630ef | 6552576
56 | fla,bcf,sub,indcall,indbr | b878d2475ae045b08623c924c748a56c | 6570416
57 | alias,indcall,indbr | 313e7368032d62276a7e7a6b2c73d8a9 | 5686872
58 | fla,alias,indcall,indbr | 0a9f4d6362c5ed02ffe5f526c70acb1f | 5736328
59 | bcf,alias,indcall,indbr | 4ac12921736bdb93745464741fe92f3d | 8830608
60 | fla,bcf,alias,indcall,indbr | 7f789542eaec8066749a49f13aa89804 | 8848944
61 | sub,alias,indcall,indbr | 0d17142a1196accece62a8b371e593a0 | 5781672
62 | fla,sub,alias,indcall,indbr | 96d3a0741c7a113416b963c35194ed36 | 5807128
63 | bcf,sub,alias,indcall,indbr | 8312aaf200b729be418941515edac24f | 8947600
64 | fla,bcf,sub,alias,indcall,indbr | 8ca06bf63374adc7ee3bc4c0129efa39 | 8922160