Index | Passes | MD5 | Size (bytes)
65 | none | d042afa3ccf131920808a712410c8329 | 3791272
66 | fla | ebc5a10f3c24d896b89d1401514224af | 3811752
67 | bcf | c05fcbe1292f02f80db4ca1121b145c1 | 4626856
68 | fla,bcf | ff14faee6ef33e5ba1fb5d12f512c441 | 4626856
69 | sub | 2f48392868f517bcb32f158a2ae4f884 | 3860904
70 | fla,sub | 3df526dce8832797e942a388a4b96cc4 | 3881384
71 | bcf,sub | 1d3b8a1542dfccf4f2c3ba51ec558982 | 4946344
72 | fla,bcf,sub | b6f93c2dd12578050f53ccd6b4c318a6 | 4983208
73 | alias | 8ebdb1275c3c5d32e8660e5704d3c692 | 4213160
74 | fla,alias | 3e6b1e04cc40a96e37269166667db62c | 4229544
75 | bcf,alias | 0871d9d62383e55a5a98a78e6c8cc37c | 5216680
76 | fla,bcf,alias | 1cb40d97a629cd5aa9c8f5070cfd4b98 | 5278120
77 | sub,alias | ee7c913af02154c4bbf7b0c73acb2d53 | 4282792
78 | fla,sub,alias | ce75ba51702f266c92f4907680dc60f1 | 4303272
79 | bcf,sub,alias | 8f3c73403e24bea7f609f1f1c1b81385 | 5560744
80 | fla,bcf,sub,alias | bf25919c101747aa72dad785749d579c | 5568936
81 | indcall | 4b3f0b5d9fa6a4cf78ef7f58ac0b93fa | 3830768
82 | fla,indcall | d8a9a7d2cb3341d1b8fca7e91996c81b | 3851248
83 | bcf,indcall | 2a04e85b9f2db3ae7e28df707ad6fb9a | 4664072
84 | fla,bcf,indcall | 7a2accf5e910e0850ae3cf2f13fb25be | 4725112
85 | sub,indcall | d0519b83ae5e79cacc72c23c84a89071 | 3896304
86 | fla,sub,indcall | 16a804f434665054a93caa58efabea4e | 3916784
87 | bcf,sub,indcall | 8b3ded0f134bce34b1bdab3d68c34d1d | 5032232
88 | fla,bcf,sub,indcall | 4fb4473e87e63c47ca763f428c31bc17 | 5069128
89 | alias,indcall | dfafcab49f37397522bf49d3ffd6bb2a | 5281904
90 | fla,alias,indcall | 93ea1c2caca906fe133b621874de6bfc | 5283016
91 | bcf,alias,indcall | 0fe656e7316c22d54a6f61bdebb21d64 | 6842768
92 | fla,bcf,alias,indcall | 2a23ce7cb82479f9fb2a64e7bdcdbc5e | 6869176
93 | sub,alias,indcall | 2194489b5a8c3c1cd5eddd65d9a1aa60 | 5288432
94 | fla,sub,alias,indcall | 95c84bd9ab7885195f9b6b5792ed71c1 | 5319432
95 | bcf,sub,alias,indcall | 421948410a859c9c73c95a129d34acc2 | 7411800
96 | fla,bcf,sub,alias,indcall | 0d9ca179c73e11de3fef5bb067376844 | 7369936
97 | indbr | b9c3e20a4e820d9e897eb4fc185522f8 | 4245936
98 | fla,indbr | 4c822914cb7f8d9411f38474812ef465 | 4270512
99 | bcf,indbr | 30fdd5df44c9766a4033c119f8158149 | 6442944
100 | fla,bcf,indbr | da7a75325a2a044f1f62743f105aed7b | 6496912
101 | sub,indbr | d21d5ca133cfd4a916f3a0441cca611e | 4311472
102 | fla,sub,indbr | 1a80a59b42b35187e6455a678dd962e8 | 4327856
103 | bcf,sub,indbr | cc6f468d3c0ce9acf57767c7805bfa98 | 6497488
104 | fla,bcf,sub,indbr | 78b049e357640d000e8505eb604cbc12 | 6559904
105 | alias,indbr | 86b68cf355c3dee43f0b6b58bc4510c4 | 4663728
106 | fla,alias,indbr | 65d1e3bbdb769f846d492306c1530625 | 4676016
107 | bcf,alias,indbr | 22bd0bae37708894dcc90b69a05e3e81 | 7043200
108 | fla,bcf,alias,indbr | 8baedb51a1879ad5f885f3278d0622a5 | 7040592
109 | sub,alias,indbr | 207e6eda9c3a8418f1c6688b6eb18749 | 4733360
110 | fla,sub,alias,indbr | 1e4e365097ae0ed8ed7c98702fe72516 | 4737456
111 | bcf,sub,alias,indbr | 73fa93af6efd4f1480055d084b5bc2f5 | 7095552
112 | fla,bcf,sub,alias,indbr | debc5cca36b68e4818526067d461e03f | 7123600
113 | indcall,indbr | dfac77b9a38bcbb8bd1344e7d486be10 | 4281592
114 | fla,indcall,indbr | 879edf5f8ba8fe4528be3ecab66d6dfd | 4302072
115 | bcf,indcall,indbr | 7fbfc2defc85f3b8f20207ecaf4cde73 | 6503584
116 | fla,bcf,indcall,indbr | 35b3fd472e9238af535afb312e5e16b6 | 6546992
117 | sub,indcall,indbr | 06e45ac2183613a4af599a0eb02499de | 4343032
118 | fla,sub,indcall,indbr | 2d403bf71d69dc22ea8a3bb8652e288b | 4363512
119 | bcf,sub,indcall,indbr | 7827c56cf560961a14c01ca96896f631 | 6565136
120 | fla,bcf,sub,indcall,indbr | 992d7dd50fd64a5db8605098d1e959a9 | 6549488
121 | alias,indcall,indbr | 56b78659b04c96333430f0cc271d4767 | 5691528
122 | fla,alias,indcall,indbr | 439a966538a3a00db079ff58d1ba5fd7 | 5679144
123 | bcf,alias,indcall,indbr | b540d26a6d28a7e9f301f3469dbcc3a4 | 8816272
124 | fla,bcf,alias,indcall,indbr | f84efd2c99cca9157815a740992c472f | 8727904
125 | sub,alias,indcall,indbr | a7075e646f809bd13a18be9d1cc3fc57 | 5686584
126 | fla,sub,alias,indcall,indbr | 55e09391d9a1e975a824c2cc154e7a1a | 5730296
127 | bcf,sub,alias,indcall,indbr | 72f2bf04dbb83e7961f4aa35f1c6e3f3 | 8670336
128 | fla,bcf,sub,alias,indcall,indbr | db352d6698a96f6d6ba74c87bf4fe710 | 8886368
